[max.cfw.sh/index.html]
[backblue.gif]
[fade.gif]
[index.html]
[max.cfw.sh/css/materialize.min.css]
[max.cfw.sh/css/styles.css]
[max.cfw.sh/img/icons/favicon.png]
[max.cfw.sh/img/icons/fblogo.jpg]
[max.cfw.sh/8ung.jpg]
[max.cfw.sh/img/logo.2.1.png]
[max.cfw.sh/img/discord.png]
[max.cfw.sh/img/telegram.png]
[max.cfw.sh/img/max-512.png]
[max.cfw.sh/img/scooterhacking.png]
[max.cfw.sh/img/395711.png]
[max.cfw.sh/img/5780472.png]
[max.cfw.sh/img/downg.png]
[max.cfw.sh/img/rollerplausch.png]
[max.cfw.sh/img/knocker.png]
[cdnjs.cloudflare.com/ajax/libs/jquery/3.4.1/jquery.min.js]
[max.cfw.sh/changelog/index.html]
[cfw.sh/global_js/cookie_utils.js]
[max.cfw.sh/js/materialize.min.js]
[max.cfw.sh/js/init.min.js]
[max.cfw.sh/js/forms.min.js]
[max.cfw.sh/js/ui.min.js]
[max.cfw.sh/index.html]
[max.cfw.sh/css/materialize.min.css]
[max.cfw.sh/img/climpek.png]
[max.cfw.sh/css/styles.css]
[max.cfw.sh/img/icons/fblogo.html]
[max.cfw.sh/static/vendor/bootstrap/css/bootstrap.min.css]
[max.cfw.sh/static/styles/print-styles.css]
[max.cfw.sh/static/favicon.ico]
[max.cfw.sh/static/vendor/jquery/jquery.min.js]
[max.cfw.sh/static/vendor/bootstrap/js/bootstrap.bundle.min.js]
[max.cfw.sh/_next/static/chunks/main-c1f3171fa068c32521e2.js]
[max.cfw.sh/_next/static/chunks/webpack-e067438c4cf4ef2ef178.js]
[max.cfw.sh/_next/static/chunks/framework.964e76377795026233d5.js]
[max.cfw.sh/_next/static/chunks/f6078781a05fe1bcb0902d23dbbb2662c8d200b3.86256fa3aea5ddb9c8f6.js]
[max.cfw.sh/_next/static/chunks/pages/_app-af1b8e54567fd58d71e4.js]
[max.cfw.sh/_next/static/chunks/pages/index-cc0a99d358619de66e8d.js]
[max.cfw.sh/_next/static/chunks/polyfills-36bde18dcfde0c144be5.js]
[max.cfw.sh/_next/static/hycFKAiLOjRx8UiABW7JK/_buildManifest.js]
[max.cfw.sh/_next/static/hycFKAiLOjRx8UiABW7JK/_ssgManifest.js]
[max.cfw.sh/changelog/index.html]
[max.cfw.sh/static/vendor/bootstrap/css/bootstrap.min.css]
[max.cfw.sh/static/styles/print-styles.css]
[max.cfw.sh/static/favicon.html]
