[pro.cfw.sh/index.html]
[backblue.gif]
[fade.gif]
[index.html]
[pro.cfw.sh/css/materialize.min.css]
[pro.cfw.sh/css/styles.css]
[pro2.cfw.sh/img/icons/favicon.png]
[pagead2.googlesyndication.com/pagead/js/f.txt]
[pro.cfw.sh/8ung.jpg]
[pro.cfw.sh/img/logo.2.1.png]
[pro.cfw.sh/img/discord.png]
[pro.cfw.sh/img/telegram.png]
[pro.cfw.sh/img/mi-pro2.png]
[pro.cfw.sh/img/scooterhacking.png]
[pro.cfw.sh/img/rollerplausch.png]
[pro.cfw.sh/img/395711.png]
[pro.cfw.sh/img/5780472.png]
[pro.cfw.sh/img/knocker.png]
[cdnjs.cloudflare.com/ajax/libs/jquery/3.4.1/jquery.min.js]
[pro.cfw.sh/changelog/index.html]
[pro.cfw.sh/js/materialize.min.js]
[pro.cfw.sh/js/webui.js]
[pro.cfw.sh/js/forms.js]
[pro.cfw.sh/GET]
[pro.cfw.sh/index.html]
[pro.cfw.sh/css/materialize.min.css]
[pro.cfw.sh/css/styles.css]
[pro.cfw.sh/static/styles/print-styles.css]
[pro.cfw.sh/static/favicon.ico]
[pro.cfw.sh/static/vendor/bootstrap/css/bootstrap.min.css]
[pro.cfw.sh/static/vendor/jquery/jquery.min.js]
[pro.cfw.sh/static/vendor/bootstrap/js/bootstrap.bundle.min.js]
[pro.cfw.sh/_next/static/chunks/main-c1f3171fa068c32521e2.js]
[pro.cfw.sh/_next/static/chunks/webpack-e067438c4cf4ef2ef178.js]
[pro.cfw.sh/_next/static/chunks/framework.964e76377795026233d5.js]
[pro.cfw.sh/_next/static/chunks/f6078781a05fe1bcb0902d23dbbb2662c8d200b3.86256fa3aea5ddb9c8f6.js]
[pro.cfw.sh/_next/static/chunks/pages/_app-af1b8e54567fd58d71e4.js]
[pro.cfw.sh/_next/static/chunks/pages/index-e25a54493347bb5255c0.js]
[pro.cfw.sh/_next/static/chunks/polyfills-36bde18dcfde0c144be5.js]
[pro.cfw.sh/_next/static/oWv-xMv9scTzL9PYZpqJy/_buildManifest.js]
[pro.cfw.sh/_next/static/oWv-xMv9scTzL9PYZpqJy/_ssgManifest.js]
[pro.cfw.sh/changelog/index.html]
[pro.cfw.sh/GET.html]
[pro.cfw.sh/static/vendor/bootstrap/css/bootstrap.min.css]
[pro.cfw.sh/static/styles/print-styles.css]
[pro.cfw.sh/static/favicon.html]
[pro.cfw.sh/_next/static/chunks/pages/index-e25a54493347bb5255c0.html]
[pro.cfw.sh/_next/static/oWv-xMv9scTzL9PYZpqJy/_buildManifest.html]
[pro.cfw.sh/_next/static/oWv-xMv9scTzL9PYZpqJy/_ssgManifest.html]
